Microchip Technology Inc, v2.00 (B)

Tool Name:
  e:\program files\microchip\xc16\v2.00\bin\bin\..\bin/elf-ld.exe

Command:
  -p24FJ128GB204 \
  --mdfp=E:/Program Files/Microchip/MPLABX/v6.05/packs/Microchip/PIC24F-GA-GB_DFP/1.8.217/xc16 \
  -o \
  dist/default/production/coreprocessor.X.production.elf \
  -Le:/program files/microchip/xc16/v2.00/bin/bin/.. \
  -LE:/Program Files/Microchip/MPLABX/v6.05/packs/Microchip/PIC24F-GA-GB_DFP/1.8.217/xc16/bin/../support/PIC24F/gld \
  -Le:/program files/microchip/xc16/v2.00/bin/bin/../../lib \
  -Le:/program files/microchip/xc16/v2.00/bin/bin/../../support/PIC24E/gld \
  -Le:/program files/microchip/xc16/v2.00/bin/bin/../../support/PIC24F/gld \
  -Le:/program files/microchip/xc16/v2.00/bin/bin/../../support/PIC24H/gld \
  -Le:/program files/microchip/xc16/v2.00/bin/bin/../../support/dsPIC30F/gld \
  -Le:/program files/microchip/xc16/v2.00/bin/bin/../../support/dsPIC33C/gld \
  -Le:/program files/microchip/xc16/v2.00/bin/bin/../../support/dsPIC33E/gld \
  -Le:/program files/microchip/xc16/v2.00/bin/bin/../../support/dsPIC33F/gld \
  build/default/production/fs/ff.o \
  build/default/production/fs/ffsystem.o \
  build/default/production/fs/ffunicode.o \
  build/default/production/fs/mmc.o \
  build/default/production/mcc_generated_files/drivers/spi_master.o \
  build/default/production/mcc_generated_files/pin_manager.o \
  build/default/production/mcc_generated_files/clock.o \
  build/default/production/mcc_generated_files/interrupt_manager.o \
  build/default/production/mcc_generated_files/system.o \
  build/default/production/mcc_generated_files/mcc.o \
  build/default/production/mcc_generated_files/traps.o \
  build/default/production/mcc_generated_files/oc1.o \
  build/default/production/mcc_generated_files/spi1_driver.o \
  build/default/production/mcc_generated_files/tmr2.o \
  build/default/production/mcc_generated_files/ext_int.o \
  build/default/production/mcc_generated_files/rtcc.o \
  build/default/production/sha/sha.o \
  build/default/production/usb/usb_descriptors.o \
  build/default/production/usb/usb_device.o \
  build/default/production/usb/usb_device_hid.o \
  build/default/production/usb/usb_events.o \
  build/default/production/usb/usb_hal_16bit.o \
  build/default/production/usb/usb_tasks.o \
  build/default/production/main.o \
  build/default/production/buttons.o \
  build/default/production/display_driver.o \
  build/default/production/assets.o \
  build/default/production/mcc_ext.o \
  build/default/production/logic.o \
  build/default/production/ui.o \
  --local-stack \
  --defsym=__MPLAB_BUILD=1 \
  -Tp24FJ128GB204.gld.00 \
  --stack=16 \
  --check-sections \
  --data-init \
  --pack-data \
  --handles \
  --isr \
  --no-gc-sections \
  --fill-upper=0 \
  --stackguard=16 \
  --no-force-link \
  --smart-io \
  -Map=dist/default/production/coreprocessor.X.production.map \
  --report-mem \
  --memorysummary \
  dist/default/production/memoryfile.xml \
  -start-group \
  --library=c99-pic30-elf \
  --library=m-elf \
  --library=c99-elf \
  -end-group \


Optional library libpPIC24Fxxx.a not found
Archive member included because of file (symbol)

e:/program files/microchip/xc16/v2.00/bin/bin/../../lib\libc99-pic30-elf.a(crt0_extended24.o)
                              (__resetPRI)
e:/program files/microchip/xc16/v2.00/bin/bin/../../lib\libc99-pic30-elf.a(data_init_24.o)
                              e:/program files/microchip/xc16/v2.00/bin/bin/../../lib\libc99-pic30-elf.a(crt0_extended24.o) (__data_init_da)
e:/program files/microchip/xc16/v2.00/bin/bin/../../lib\libc99-pic30-elf.a(crt_start_mode_normalda.Meo)
                              (__crt_start_mode_normal)
e:/program files/microchip/xc16/v2.00/bin/bin/../../lib\libc99-pic30-elf.a(delay32da.Meo)
                              build/default/production/display_driver.o (___delay32)
e:/program files/microchip/xc16/v2.00/bin/bin/../../lib\libc99-pic30-elf.a(divsi3.DA_o)
                              build/default/production/ui.o (___divsi3)
e:/program files/microchip/xc16/v2.00/bin/bin/../../lib\libc99-pic30-elf.a(feqltle.DA_o)
                              build/default/production/mcc_ext.o (___ltsf2)
e:/program files/microchip/xc16/v2.00/bin/bin/../../lib\libc99-pic30-elf.a(fgtge.DA_o)
                              build/default/production/mcc_ext.o (___gtsf2)
e:/program files/microchip/xc16/v2.00/bin/bin/../../lib\libc99-pic30-elf.a(fixunssfsi.DA_o)
                              build/default/production/mcc_ext.o (___fixunssfsi)
e:/program files/microchip/xc16/v2.00/bin/bin/../../lib\libc99-pic30-elf.a(floatsisf.DA_o)
                              build/default/production/mcc_ext.o (___floatsisf)
e:/program files/microchip/xc16/v2.00/bin/bin/../../lib\libc99-pic30-elf.a(funpack.DA_o)
                              e:/program files/microchip/xc16/v2.00/bin/bin/../../lib\libc99-pic30-elf.a(fixunssfsi.DA_o) (__funpack)
[...]
Memory Configuration

Name             Origin             Length             Attributes
data             0x000800           0x002000           a !xr
reset            0x000000           0x000004  
ivt              0x000004           0x0000fc  
_reserved        0x000100           0x000004  
aivt             0x000104           0x0000fc  
program          0x000200           0x0155f8           xr
CONFIG4          0x0157f8           0x000002  
CONFIG3          0x0157fa           0x000002  
CONFIG2          0x0157fc           0x000002  
CONFIG1          0x0157fe           0x000002  
*default*        0x000000           0xffffffff  

Linker script and memory map

LOAD build/default/production/fs/ff.o
LOAD build/default/production/fs/ffsystem.o
LOAD build/default/production/fs/ffunicode.o
LOAD build/default/production/fs/mmc.o
LOAD build/default/production/mcc_generated_files/drivers/spi_master.o
LOAD build/default/production/mcc_generated_files/pin_manager.o
LOAD build/default/production/mcc_generated_files/clock.o
LOAD build/default/production/mcc_generated_files/interrupt_manager.o
LOAD build/default/production/mcc_generated_files/system.o
LOAD build/default/production/mcc_generated_files/mcc.o
LOAD build/default/production/mcc_generated_files/traps.o
LOAD build/default/production/mcc_generated_files/oc1.o
LOAD build/default/production/mcc_generated_files/spi1_driver.o
LOAD build/default/production/mcc_generated_files/tmr2.o
LOAD build/default/production/mcc_generated_files/ext_int.o
LOAD build/default/production/mcc_generated_files/rtcc.o
LOAD build/default/production/sha/sha.o
LOAD build/default/production/usb/usb_descriptors.o
LOAD build/default/production/usb/usb_device.o
LOAD build/default/production/usb/usb_device_hid.o
LOAD build/default/production/usb/usb_events.o
LOAD build/default/production/usb/usb_hal_16bit.o
LOAD build/default/production/usb/usb_tasks.o
LOAD build/default/production/main.o
LOAD build/default/production/buttons.o
LOAD build/default/production/display_driver.o
LOAD build/default/production/assets.o
LOAD build/default/production/mcc_ext.o
LOAD build/default/production/logic.o
LOAD build/default/production/ui.o
                    0x0001                  __MPLAB_BUILD = 0x1
LOAD pPIC24Fxxx
LOAD e:/program files/microchip/xc16/v2.00/bin/bin/../../lib\libfx-elf.a
                    0x157f8                  __CONFIG4 = 0x157f8
                    0x157fa                  __CONFIG3 = 0x157fa
                    0x157fc                  __CONFIG2 = 0x157fc
                    0x157fe                  __CONFIG1 = 0x157fe
                    0x0200                  __CODE_BASE = 0x200
                    0x155f8                  __CODE_LENGTH = 0x155f8
                    0x0004                  __IVT_BASE = 0x4
                    0x0104                  __AIVT_BASE = 0x104
                    0x0800                  __DATA_BASE = 0x800
                    0x2000                  __DATA_LENGTH = 0x2000

.reset            0x000000          0x4
                  0x000000          0x2 SHORT 0x200 ABSOLUTE (__reset)
                  0x000001          0x2 SHORT 0x4
                  0x000002          0x2 SHORT 0x0 ((ABSOLUTE (__reset) >> 0x10) & 0x7f)
                  0x000003          0x2 SHORT 0x0

.text             0x000200        0xfde
 *(.init)
 .init            0x000200         0x4c e:/program files/microchip/xc16/v2.00/bin/bin/../../lib\libc99-pic30-elf.a(crt0_extended24.o)
                  0x000200                  __resetPRI
                  0x000200                  __reset
                  0x00023c                  __psv_init
 .init            0x00024c         0xb8 e:/program files/microchip/xc16/v2.00/bin/bin/../../lib\libc99-pic30-elf.a(data_init_24.o)
                  0x000252                  __data_init
                  0x000252                  __data_init_da
 *(.user_init)
 *(.handle)
 .handle          0x000304         0x38 jump_table
 *(.isr*)
 .isr.text        0x00033c         0x80 build/default/production/mcc_generated_files/traps.o
                  0x00033c                  __OscillatorFail
                  0x00035a                  __StackError
                  0x000380                  __AddressError
                  0x00039e                  __MathError
 .isr.text        0x0003bc         0x2a build/default/production/mcc_generated_files/tmr2.o
                  0x0003bc                  __T2Interrupt
 .isr.text        0x0003e6         0x1c build/default/production/mcc_generated_files/ext_int.o
                  0x0003e6                  __INT0Interrupt
 .isr.text        0x000402         0x2a build/default/production/main.o
                  0x000402                  __USB1Interrupt
 .isr             0x00042c          0x4 default_isr
                  0x00042c                  __DefaultInterrupt
 *(.libc)
 *(.libm)
 *(.libdsp)
 *(.lib*)
 .libpic30_crt_start_mode
                  0x000430          0x2 e:/program files/microchip/xc16/v2.00/bin/bin/../../lib\libc99-pic30-elf.a(crt_start_mode_normalda.Meo)
                  0x000430                  __crt_start_mode
                  0x000430                  __crt_start_mode_normal
 .libm.divsi3     0x000432         0x1e e:/program files/microchip/xc16/v2.00/bin/bin/../../lib\libc99-pic30-elf.a(divsi3.DA_o)
                  0x000432                  ___divsi3
 .libm.eqsf2      0x000450          0x4 e:/program files/microchip/xc16/v2.00/bin/bin/../../lib\libc99-pic30-elf.a(feqltle.DA_o)
                  0x000450                  ___eqsf2
                  0x000450                  ___ltsf2
                  0x000450                  ___lesf2
 .libm.gtsf2      0x000454          0x4 e:/program files/microchip/xc16/v2.00/bin/bin/../../lib\libc99-pic30-elf.a(fgtge.DA_o)
                  0x000454                  ___gesf2
                  0x000454                  ___gtsf2
 .libm.fixunssfsi
                  0x000458         0x36 e:/program files/microchip/xc16/v2.00/bin/bin/../../lib\libc99-pic30-elf.a(fixunssfsi.DA_o)
                  0x000458                  ___fixunssfsi
 .libm.floatsisf
                  0x00048e          0x6 e:/program files/microchip/xc16/v2.00/bin/bin/../../lib\libc99-pic30-elf.a(floatsisf.DA_o)
                  0x00048e                  ___floatsisf
 .libm.funpack    0x000494         0x2a e:/program files/microchip/xc16/v2.00/bin/bin/../../lib\libc99-pic30-elf.a(funpack.DA_o)
                  0x000494                  __funpack
 .libm.modsi3     0x0004be         0x1e e:/program files/microchip/xc16/v2.00/bin/bin/../../lib\libc99-pic30-elf.a(modsi3.DA_o)
                  0x0004be                  ___modsi3
 .libm.udivsi3    0x0004dc         0x20 e:/program files/microchip/xc16/v2.00/bin/bin/../../lib\libc99-pic30-elf.a(udivsi3.DA_o)
                  0x0004dc                  ___udivsi3
 .libm.umodsi3    0x0004fc          0x6 e:/program files/microchip/xc16/v2.00/bin/bin/../../lib\libc99-pic30-elf.a(umodsi3.DA_o)
                  0x0004fc                  ___umodsi3
 .libmx           0x000502        0x1dc e:/program files/microchip/xc16/v2.00/bin/bin/../../lib\libc99-pic30-elf.a(addsf3x.DA_o)
                  0x000502                  ___subsf3x
                  0x000502                  ___subsf3
                  0x000514                  ___addsf3x
                  0x000514                  ___addsf3
 .libmx           0x0006de        0x1be e:/program files/microchip/xc16/v2.00/bin/bin/../../lib\libc99-pic30-elf.a(divsf3x.DA_o)
                  0x0006de                  ___divsf3x
                  0x0006de                  ___divsf3
                  0x000870                  __sdivf
 .libmx           0x00089c        0x10c e:/program files/microchip/xc16/v2.00/bin/bin/../../lib\libc99-pic30-elf.a(mulsf3x.DA_o)
                  0x00089c                  ___mulsf3x
                  0x00089c                  ___mulsf3
 .libmx           0x0009a8         0x54 e:/program files/microchip/xc16/v2.00/bin/bin/../../lib\libc99-pic30-elf.a(dnrmpackfx.DA_o)
                  0x0009a8                  __dnrmpackf
 .libmx           0x0009fc         0x5e e:/program files/microchip/xc16/v2.00/bin/bin/../../lib\libc99-pic30-elf.a(unpackdnrmfx.DA_o)
                  0x0009fc                  __unpackdnrmf
 .libmx           0x000a5a         0x34 e:/program files/microchip/xc16/v2.00/bin/bin/../../lib\libc99-pic30-elf.a(typefx.DA_o)
                  0x000a5a                  __typef
 .libmx           0x000a8e         0x12 e:/program files/microchip/xc16/v2.00/bin/bin/../../lib\libc99-pic30-elf.a(propnanfx.DA_o)
                  0x000a8e                  __propnanf
 .libmx           0x000aa0         0xa6 e:/program files/microchip/xc16/v2.00/bin/bin/../../lib\libc99-pic30-elf.a(spackfx.DA_o)
                  0x000aa0                  __spackf
 .libmx           0x000b46         0x66 e:/program files/microchip/xc16/v2.00/bin/bin/../../lib\libc99-pic30-elf.a(unpackfx.DA_o)
                  0x000b46                  __unpackf
 .libm.fcompare
                  0x000bac         0x36 e:/program files/microchip/xc16/v2.00/bin/bin/../../lib\libc99-pic30-elf.a(fcompare.DA_o)
                  0x000bac                  __fcompare
 .libm.floatdisf
                  0x000be2         0x20 e:/program files/microchip/xc16/v2.00/bin/bin/../../lib\libc99-pic30-elf.a(floatdisf.DA_o)
                  0x000be2                  ___floatdisf
 .libm.floatundisf
                  0x000c02         0x5e e:/program files/microchip/xc16/v2.00/bin/bin/../../lib\libc99-pic30-elf.a(floatundisf.DA_o)
                  0x000c02                  ___floatundisf
 .libm.fpack      0x000c60         0x4c e:/program files/microchip/xc16/v2.00/bin/bin/../../lib\libc99-pic30-elf.a(fpack.DA_o)
                  0x000c60                  __fpack
 .libm.funpack2
                  0x000cac         0x10 e:/program files/microchip/xc16/v2.00/bin/bin/../../lib\libc99-pic30-elf.a(funpack2.DA_o)
                  0x000cac                  __funpack2
 .libm.__PplusBdi
                  0x000cbc         0x26 e:/program files/microchip/xc16/v2.00/bin/bin/../../lib\libc99-pic30-elf.a(divmoddi3.DA_o)
 .libm.__PminusBdi
                  0x000ce2         0x26 e:/program files/microchip/xc16/v2.00/bin/bin/../../lib\libc99-pic30-elf.a(divmoddi3.DA_o)
 .libm.__udivmoddi3
                  0x000d08         0xf8 e:/program files/microchip/xc16/v2.00/bin/bin/../../lib\libc99-pic30-elf.a(divmoddi3.DA_o)
                  0x000d08                  ___udivmoddi3
 .libm.__udivdi3
                  0x000e00          0xe e:/program files/microchip/xc16/v2.00/bin/bin/../../lib\libc99-pic30-elf.a(divmoddi3.DA_o)
                  0x000e00                  ___udivdi3
 .libm.__umoddi3
                  0x000e0e          0x8 e:/program files/microchip/xc16/v2.00/bin/bin/../../lib\libc99-pic30-elf.a(divmoddi3.DA_o)
                  0x000e0e                  ___umoddi3
 .libm.__divdi3
                  0x000e16         0x60 e:/program files/microchip/xc16/v2.00/bin/bin/../../lib\libc99-pic30-elf.a(divmoddi3.DA_o)
                  0x000e16                  ___divdi3
 .libm.__moddi3
                  0x000e76         0x5c e:/program files/microchip/xc16/v2.00/bin/bin/../../lib\libc99-pic30-elf.a(divmoddi3.DA_o)
                  0x000e76                  ___moddi3
 .libm.__muldi3
                  0x000ed2         0x52 e:/program files/microchip/xc16/v2.00/bin/bin/../../lib\libc99-pic30-elf.a(muldi3.DA_o)
                  0x000ed2                  ___muldi3
 .libm.umuldi3    0x000f24         0x44 e:/program files/microchip/xc16/v2.00/bin/bin/../../lib\libc99-pic30-elf.a(umuldi3.DA_o)
                  0x000f24                  ___umuldi3
 .libc.memchr     0x000f68         0x60 e:/program files/microchip/xc16/v2.00/bin/bin/../../lib\libc99-elf.a(memchr.DA_o)
                  0x000f68                  _memchr
 .libc.memcmp     0x000fc8         0x1c e:/program files/microchip/xc16/v2.00/bin/bin/../../lib\libc99-elf.a(memcmp.DA_o)
                  0x000fc8                  _memcmp
 .libc.memcpy     0x000fe4          0xe e:/program files/microchip/xc16/v2.00/bin/bin/../../lib\libc99-elf.a(memcpy.DA_o)
                  0x000fe4                  _memcpy
 .libc.memmove    0x000ff2         0x80 e:/program files/microchip/xc16/v2.00/bin/bin/../../lib\libc99-elf.a(memmove.DA_o)
                  0x000ff2                  _memmove
 .libc.memset     0x001072         0xc6 e:/program files/microchip/xc16/v2.00/bin/bin/../../lib\libc99-elf.a(memset.DA_o)
                  0x001072                  _memset
 .libc.strlen     0x001138         0x30 e:/program files/microchip/xc16/v2.00/bin/bin/../../lib\libc99-elf.a(strlen.DA_o)
                  0x001138                  _strlen
 .libc.strchr     0x001168         0x12 e:/program files/microchip/xc16/v2.00/bin/bin/../../lib\libc99-elf.a(strchr.DA_o)
                  0x001168                  _strchr
 .libc.__strchrnul
                  0x00117a         0x58 e:/program files/microchip/xc16/v2.00/bin/bin/../../lib\libc99-elf.a(strchrnul.DA_o)
                  0x00117a                  ___strchrnul
                  0x00117a                  _strchrnul
 .libm.mulsi3     0x0011d2          0xc e:/program files/microchip/xc16/v2.00/bin/bin/../../lib\libc99-pic30-elf.a(mulsi3.DA_o)
                  0x0011d2                  ___mulp32peds3
                  0x0011d2                  ___mulsi3
                  0x0011d2                  ___mulp32eds3

usercode
 *(usercode)

__CONFIG4
 *(__CONFIG4.sec*)

__CONFIG3
 *(__CONFIG3.sec*)

__CONFIG2
 *(__CONFIG2.sec*)

__CONFIG1
 *(__CONFIG1.sec*)

.comment
 *(.comment)

.debug_info       0x000000      0x1da83
 *(.debug_info)
 .debug_info      0x000000       0x28c7 build/default/production/fs/ff.o
 .debug_info      0x0028c7        0x12d build/default/production/fs/ffsystem.o
 .debug_info      0x0029f4        0x12e build/default/production/fs/ffunicode.o
 .debug_info      0x002b22        0xa68 build/default/production/fs/mmc.o
 .debug_info      0x00358a        0x45b build/default/production/mcc_generated_files/drivers/spi_master.o
 .debug_info      0x0039e5        0xa32 build/default/production/mcc_generated_files/pin_manager.o
 .debug_info      0x004417        0x488 build/default/production/mcc_generated_files/clock.o
 .debug_info      0x00489f        0x4fb build/default/production/mcc_generated_files/interrupt_manager.o
 .debug_info      0x004d9a        0x34a build/default/production/mcc_generated_files/system.o
 .debug_info      0x0050e4        0x3b0 build/default/production/mcc_generated_files/traps.o
 .debug_info      0x005494        0xa37 build/default/production/mcc_generated_files/oc1.o
 .debug_info      0x005ecb        0xc98 build/default/production/mcc_generated_files/spi1_driver.o
 .debug_info      0x006b63        0x96f build/default/production/mcc_generated_files/tmr2.o
 .debug_info      0x0074d2        0x578 build/default/production/mcc_generated_files/ext_int.o
 .debug_info      0x007a4a        0x9dd build/default/production/mcc_generated_files/rtcc.o
 .debug_info      0x008427        0x3be build/default/production/sha/sha.o
 .debug_info      0x0087e5        0x7f9 build/default/production/usb/usb_descriptors.o
 .debug_info      0x008fde       0x2c6b build/default/production/usb/usb_device.o
 .debug_info      0x00bc49        0xbd7 build/default/production/usb/usb_device_hid.o
 .debug_info      0x00c820        0x57d build/default/production/usb/usb_events.o
 .debug_info      0x00cd9d       0x134a build/default/production/usb/usb_hal_16bit.o
 .debug_info      0x00e0e7       0x1159 build/default/production/usb/usb_tasks.o
 .debug_info      0x00f240        0xd19 build/default/production/main.o
 .debug_info      0x00ff59        0x540 build/default/production/buttons.o
 .debug_info      0x010499       0x1316 build/default/production/display_driver.o
 .debug_info      0x0117af        0x52b build/default/production/assets.o
 .debug_info      0x011cda       0x2bba build/default/production/mcc_ext.o
 .debug_info      0x014894       0x53bf build/default/production/logic.o
 .debug_info      0x019c53       0x2fcb build/default/production/ui.o
 .debug_info      0x01cc1e         0x8c e:/program files/microchip/xc16/v2.00/bin/bin/../../lib\libc99-pic30-elf.a(divsi3.DA_o)
 .debug_info      0x01ccaa         0x8d e:/program files/microchip/xc16/v2.00/bin/bin/../../lib\libc99-pic30-elf.a(feqltle.DA_o)
 .debug_info      0x01cd37         0x8b e:/program files/microchip/xc16/v2.00/bin/bin/../../lib\libc99-pic30-elf.a(fgtge.DA_o)
 .debug_info      0x01cdc2         0x90 e:/program files/microchip/xc16/v2.00/bin/bin/../../lib\libc99-pic30-elf.a(fixunssfsi.DA_o)
 .debug_info      0x01ce52         0x8f e:/program files/microchip/xc16/v2.00/bin/bin/../../lib\libc99-pic30-elf.a(floatsisf.DA_o)
 .debug_info      0x01cee1         0x8d e:/program files/microchip/xc16/v2.00/bin/bin/../../lib\libc99-pic30-elf.a(funpack.DA_o)
 .debug_info      0x01cf6e         0x8c e:/program files/microchip/xc16/v2.00/bin/bin/../../lib\libc99-pic30-elf.a(modsi3.DA_o)
 .debug_info      0x01cffa         0x8d e:/program files/microchip/xc16/v2.00/bin/bin/../../lib\libc99-pic30-elf.a(udivsi3.DA_o)
 .debug_info      0x01d087         0x8d e:/program files/microchip/xc16/v2.00/bin/bin/../../lib\libc99-pic30-elf.a(umodsi3.DA_o)
 .debug_info      0x01d114         0x9d e:/program files/microchip/xc16/v2.00/bin/bin/../../lib\libc99-pic30-elf.a(addsf3x.DA_o)
 .debug_info      0x01d1b1         0x9d e:/program files/microchip/xc16/v2.00/bin/bin/../../lib\libc99-pic30-elf.a(divsf3x.DA_o)
 .debug_info      0x01d24e         0x9d e:/program files/microchip/xc16/v2.00/bin/bin/../../lib\libc99-pic30-elf.a(mulsf3x.DA_o)
 .debug_info      0x01d2eb         0xa0 e:/program files/microchip/xc16/v2.00/bin/bin/../../lib\libc99-pic30-elf.a(dnrmpackfx.DA_o)
 .debug_info      0x01d38b         0xa2 e:/program files/microchip/xc16/v2.00/bin/bin/../../lib\libc99-pic30-elf.a(unpackdnrmfx.DA_o)
 .debug_info      0x01d42d         0x9c e:/program files/microchip/xc16/v2.00/bin/bin/../../lib\libc99-pic30-elf.a(typefx.DA_o)
 .debug_info      0x01d4c9         0x9f e:/program files/microchip/xc16/v2.00/bin/bin/../../lib\libc99-pic30-elf.a(propnanfx.DA_o)
 .debug_info      0x01d568         0x9d e:/program files/microchip/xc16/v2.00/bin/bin/../../lib\libc99-pic30-elf.a(spackfx.DA_o)
 .debug_info      0x01d605         0x9e e:/program files/microchip/xc16/v2.00/bin/bin/../../lib\libc99-pic30-elf.a(unpackfx.DA_o)
 .debug_info      0x01d6a3         0x8e e:/program files/microchip/xc16/v2.00/bin/bin/../../lib\libc99-pic30-elf.a(fcompare.DA_o)
 .debug_info      0x01d731         0x8f e:/program files/microchip/xc16/v2.00/bin/bin/../../lib\libc99-pic30-elf.a(floatdisf.DA_o)
 .debug_info      0x01d7c0         0x91 e:/program files/microchip/xc16/v2.00/bin/bin/../../lib\libc99-pic30-elf.a(floatundisf.DA_o)
 .debug_info      0x01d851         0x8b e:/program files/microchip/xc16/v2.00/bin/bin/../../lib\libc99-pic30-elf.a(fpack.DA_o)
 .debug_info      0x01d8dc         0x8e e:/program files/microchip/xc16/v2.00/bin/bin/../../lib\libc99-pic30-elf.a(funpack2.DA_o)
 .debug_info      0x01d96a         0x8d e:/program files/microchip/xc16/v2.00/bin/bin/../../lib\libc99-pic30-elf.a(umuldi3.DA_o)
 .debug_info      0x01d9f7         0x8c e:/program files/microchip/xc16/v2.00/bin/bin/../../lib\libc99-pic30-elf.a(mulsi3.DA_o)
 *(.gnu.linkonce.wi.*)

.debug_abbrev     0x000000       0x2d78
 *(.debug_abbrev)
 .debug_abbrev    0x000000        0x1df build/default/production/fs/ff.o
 .debug_abbrev    0x0001df         0x1f build/default/production/fs/ffsystem.o
 .debug_abbrev    0x0001fe         0x1f build/default/production/fs/ffunicode.o
 .debug_abbrev    0x00021d        0x201 build/default/production/fs/mmc.o
 .debug_abbrev    0x00041e        0x116 build/default/production/mcc_generated_files/drivers/spi_master.o
 .debug_abbrev    0x000534         0xd6 build/default/production/mcc_generated_files/pin_manager.o
 .debug_abbrev    0x00060a         0xc5 build/default/production/mcc_generated_files/clock.o
 .debug_abbrev    0x0006cf         0xb4 build/default/production/mcc_generated_files/interrupt_manager.o
 .debug_abbrev    0x000783         0xb4 build/default/production/mcc_generated_files/system.o
 .debug_abbrev    0x000837          0x1 build/default/production/mcc_generated_files/mcc.o
 .debug_abbrev    0x000838        0x133 build/default/production/mcc_generated_files/traps.o
 .debug_abbrev    0x00096b        0x14f build/default/production/mcc_generated_files/oc1.o
 .debug_abbrev    0x000aba        0x205 build/default/production/mcc_generated_files/spi1_driver.o
 .debug_abbrev    0x000cbf        0x1d7 build/default/production/mcc_generated_files/tmr2.o
 .debug_abbrev    0x000e96         0x8a build/default/production/mcc_generated_files/ext_int.o
 .debug_abbrev    0x000f20        0x1ca build/default/production/mcc_generated_files/rtcc.o
 .debug_abbrev    0x0010ea         0xac build/default/production/sha/sha.o
 .debug_abbrev    0x001196         0xe2 build/default/production/usb/usb_descriptors.o
 .debug_abbrev    0x001278        0x31a build/default/production/usb/usb_device.o
 .debug_abbrev    0x001592        0x15e build/default/production/usb/usb_device_hid.o
 .debug_abbrev    0x0016f0         0xa7 build/default/production/usb/usb_events.o
 .debug_abbrev    0x001797        0x229 build/default/production/usb/usb_hal_16bit.o
 .debug_abbrev    0x0019c0        0x268 build/default/production/usb/usb_tasks.o
 .debug_abbrev    0x001c28        0x1a0 build/default/production/main.o
 .debug_abbrev    0x001dc8        0x138 build/default/production/buttons.o
 .debug_abbrev    0x001f00        0x288 build/default/production/display_driver.o
 .debug_abbrev    0x002188         0x8c build/default/production/assets.o
 .debug_abbrev    0x002214        0x2fd build/default/production/mcc_ext.o
 .debug_abbrev    0x002511        0x394 build/default/production/logic.o
 .debug_abbrev    0x0028a5        0x2df build/default/production/ui.o
 .debug_abbrev    0x002b84         0x14 e:/program files/microchip/xc16/v2.00/bin/bin/../../lib\libc99-pic30-elf.a(divsi3.DA_o)
 .debug_abbrev    0x002b98         0x14 e:/program files/microchip/xc16/v2.00/bin/bin/../../lib\libc99-pic30-elf.a(feqltle.DA_o)
 .debug_abbrev    0x002bac         0x14 e:/program files/microchip/xc16/v2.00/bin/bin/../../lib\libc99-pic30-elf.a(fgtge.DA_o)
 .debug_abbrev    0x002bc0         0x14 e:/program files/microchip/xc16/v2.00/bin/bin/../../lib\libc99-pic30-elf.a(fixunssfsi.DA_o)
 .debug_abbrev    0x002bd4         0x14 e:/program files/microchip/xc16/v2.00/bin/bin/../../lib\libc99-pic30-elf.a(floatsisf.DA_o)
 .debug_abbrev    0x002be8         0x14 e:/program files/microchip/xc16/v2.00/bin/bin/../../lib\libc99-pic30-elf.a(funpack.DA_o)
 .debug_abbrev    0x002bfc         0x14 e:/program files/microchip/xc16/v2.00/bin/bin/../../lib\libc99-pic30-elf.a(modsi3.DA_o)
 .debug_abbrev    0x002c10         0x14 e:/program files/microchip/xc16/v2.00/bin/bin/../../lib\libc99-pic30-elf.a(udivsi3.DA_o)
 .debug_abbrev    0x002c24         0x14 e:/program files/microchip/xc16/v2.00/bin/bin/../../lib\libc99-pic30-elf.a(umodsi3.DA_o)
 .debug_abbrev    0x002c38         0x14 e:/program files/microchip/xc16/v2.00/bin/bin/../../lib\libc99-pic30-elf.a(addsf3x.DA_o)
 .debug_abbrev    0x002c4c         0x14 e:/program files/microchip/xc16/v2.00/bin/bin/../../lib\libc99-pic30-elf.a(divsf3x.DA_o)
 .debug_abbrev    0x002c60         0x14 e:/program files/microchip/xc16/v2.00/bin/bin/../../lib\libc99-pic30-elf.a(mulsf3x.DA_o)
 .debug_abbrev    0x002c74         0x14 e:/program files/microchip/xc16/v2.00/bin/bin/../../lib\libc99-pic30-elf.a(dnrmpackfx.DA_o)
 .debug_abbrev    0x002c88         0x14 e:/program files/microchip/xc16/v2.00/bin/bin/../../lib\libc99-pic30-elf.a(unpackdnrmfx.DA_o)
 .debug_abbrev    0x002c9c         0x14 e:/program files/microchip/xc16/v2.00/bin/bin/../../lib\libc99-pic30-elf.a(typefx.DA_o)
 .debug_abbrev    0x002cb0         0x14 e:/program files/microchip/xc16/v2.00/bin/bin/../../lib\libc99-pic30-elf.a(propnanfx.DA_o)
 .debug_abbrev    0x002cc4         0x14 e:/program files/microchip/xc16/v2.00/bin/bin/../../lib\libc99-pic30-elf.a(spackfx.DA_o)
 .debug_abbrev    0x002cd8         0x14 e:/program files/microchip/xc16/v2.00/bin/bin/../../lib\libc99-pic30-elf.a(unpackfx.DA_o)
 .debug_abbrev    0x002cec         0x14 e:/program files/microchip/xc16/v2.00/bin/bin/../../lib\libc99-pic30-elf.a(fcompare.DA_o)
 .debug_abbrev    0x002d00         0x14 e:/program files/microchip/xc16/v2.00/bin/bin/../../lib\libc99-pic30-elf.a(floatdisf.DA_o)
 .debug_abbrev    0x002d14         0x14 e:/program files/microchip/xc16/v2.00/bin/bin/../../lib\libc99-pic30-elf.a(floatundisf.DA_o)
 .debug_abbrev    0x002d28         0x14 e:/program files/microchip/xc16/v2.00/bin/bin/../../lib\libc99-pic30-elf.a(fpack.DA_o)
 .debug_abbrev    0x002d3c         0x14 e:/program files/microchip/xc16/v2.00/bin/bin/../../lib\libc99-pic30-elf.a(funpack2.DA_o)
 .debug_abbrev    0x002d50         0x14 e:/program files/microchip/xc16/v2.00/bin/bin/../../lib\libc99-pic30-elf.a(umuldi3.DA_o)
 .debug_abbrev    0x002d64         0x14 e:/program files/microchip/xc16/v2.00/bin/bin/../../lib\libc99-pic30-elf.a(mulsi3.DA_o)

.debug_line       0x000000       0x5534
 *(.debug_line)
 .debug_line      0x000000        0xbe5 build/default/production/fs/ff.o
 .debug_line      0x000be5         0x1a build/default/production/fs/ffsystem.o
 .debug_line      0x000bff         0x1a build/default/production/fs/ffunicode.o
 .debug_line      0x000c19        0x35c build/default/production/fs/mmc.o
 .debug_line      0x000f75         0xef build/default/production/mcc_generated_files/drivers/spi_master.o
 .debug_line      0x001064        0x136 build/default/production/mcc_generated_files/pin_manager.o
 .debug_line      0x00119a        0x128 build/default/production/mcc_generated_files/clock.o
 .debug_line      0x0012c2        0x126 build/default/production/mcc_generated_files/interrupt_manager.o
 .debug_line      0x0013e8        0x120 build/default/production/mcc_generated_files/system.o
 .debug_line      0x001508         0x1a build/default/production/mcc_generated_files/mcc.o
 .debug_line      0x001522        0x149 build/default/production/mcc_generated_files/traps.o
 .debug_line      0x00166b        0x14e build/default/production/mcc_generated_files/oc1.o
 .debug_line      0x0017b9        0x188 build/default/production/mcc_generated_files/spi1_driver.o
 .debug_line      0x001941        0x165 build/default/production/mcc_generated_files/tmr2.o
 .debug_line      0x001aa6        0x133 build/default/production/mcc_generated_files/ext_int.o
 .debug_line      0x001bd9        0x22d build/default/production/mcc_generated_files/rtcc.o
 .debug_line      0x001e06        0x15f build/default/production/sha/sha.o
 .debug_line      0x001f65         0xb3 build/default/production/usb/usb_descriptors.o
 .debug_line      0x002018        0x4d3 build/default/production/usb/usb_device.o
 .debug_line      0x0024eb        0x111 build/default/production/usb/usb_device_hid.o
 .debug_line      0x0025fc         0xdb build/default/production/usb/usb_events.o
 .debug_line      0x0026d7        0x1c2 build/default/production/usb/usb_hal_16bit.o
 .debug_line      0x002899        0x1c5 build/default/production/usb/usb_tasks.o
 .debug_line      0x002a5e        0x157 build/default/production/main.o
 .debug_line      0x002bb5        0x15c build/default/production/buttons.o
 .debug_line      0x002d11        0x2c9 build/default/production/display_driver.o
 .debug_line      0x002fda         0x81 build/default/production/assets.o
 .debug_line      0x00305b        0x346 build/default/production/mcc_ext.o
 .debug_line      0x0033a1        0xf5e build/default/production/logic.o
 .debug_line      0x0042ff        0x7d4 build/default/production/ui.o
 .debug_line      0x004ad3         0x43 e:/program files/microchip/xc16/v2.00/bin/bin/../../lib\libc99-pic30-elf.a(divsi3.DA_o)
 .debug_line      0x004b16         0x37 e:/program files/microchip/xc16/v2.00/bin/bin/../../lib\libc99-pic30-elf.a(feqltle.DA_o)
 .debug_line      0x004b4d         0x35 e:/program files/microchip/xc16/v2.00/bin/bin/../../lib\libc99-pic30-elf.a(fgtge.DA_o)
 .debug_line      0x004b82         0x53 e:/program files/microchip/xc16/v2.00/bin/bin/../../lib\libc99-pic30-elf.a(fixunssfsi.DA_o)
 .debug_line      0x004bd5         0x3a e:/program files/microchip/xc16/v2.00/bin/bin/../../lib\libc99-pic30-elf.a(floatsisf.DA_o)
 .debug_line      0x004c0f         0x4a e:/program files/microchip/xc16/v2.00/bin/bin/../../lib\libc99-pic30-elf.a(funpack.DA_o)
 .debug_line      0x004c59         0x43 e:/program files/microchip/xc16/v2.00/bin/bin/../../lib\libc99-pic30-elf.a(modsi3.DA_o)
 .debug_line      0x004c9c         0x45 e:/program files/microchip/xc16/v2.00/bin/bin/../../lib\libc99-pic30-elf.a(udivsi3.DA_o)
 .debug_line      0x004ce1         0x38 e:/program files/microchip/xc16/v2.00/bin/bin/../../lib\libc99-pic30-elf.a(umodsi3.DA_o)
 .debug_line      0x004d19        0x136 e:/program files/microchip/xc16/v2.00/bin/bin/../../lib\libc99-pic30-elf.a(addsf3x.DA_o)
 .debug_line      0x004e4f        0x124 e:/program files/microchip/xc16/v2.00/bin/bin/../../lib\libc99-pic30-elf.a(divsf3x.DA_o)
 .debug_line      0x004f73         0xcc e:/program files/microchip/xc16/v2.00/bin/bin/../../lib\libc99-pic30-elf.a(mulsf3x.DA_o)
 .debug_line      0x00503f         0x72 e:/program files/microchip/xc16/v2.00/bin/bin/../../lib\libc99-pic30-elf.a(dnrmpackfx.DA_o)
 .debug_line      0x0050b1         0x7a e:/program files/microchip/xc16/v2.00/bin/bin/../../lib\libc99-pic30-elf.a(unpackdnrmfx.DA_o)
 .debug_line      0x00512b         0x5e e:/program files/microchip/xc16/v2.00/bin/bin/../../lib\libc99-pic30-elf.a(typefx.DA_o)
 .debug_line      0x005189         0x51 e:/program files/microchip/xc16/v2.00/bin/bin/../../lib\libc99-pic30-elf.a(propnanfx.DA_o)
 .debug_line      0x0051da         0x98 e:/program files/microchip/xc16/v2.00/bin/bin/../../lib\libc99-pic30-elf.a(spackfx.DA_o)
 .debug_line      0x005272         0x79 e:/program files/microchip/xc16/v2.00/bin/bin/../../lib\libc99-pic30-elf.a(unpackfx.DA_o)
 .debug_line      0x0052eb         0x1a e:/program files/microchip/xc16/v2.00/bin/bin/../../lib\libc99-pic30-elf.a(errno.DA_o)
 .debug_line      0x005305         0x53 e:/program files/microchip/xc16/v2.00/bin/bin/../../lib\libc99-pic30-elf.a(fcompare.DA_o)
 .debug_line      0x005358         0x47 e:/program files/microchip/xc16/v2.00/bin/bin/../../lib\libc99-pic30-elf.a(floatdisf.DA_o)
 .debug_line      0x00539f         0x6c e:/program files/microchip/xc16/v2.00/bin/bin/../../lib\libc99-pic30-elf.a(floatundisf.DA_o)
 .debug_line      0x00540b         0x5a e:/program files/microchip/xc16/v2.00/bin/bin/../../lib\libc99-pic30-elf.a(fpack.DA_o)
 .debug_line      0x005465         0x3e e:/program files/microchip/xc16/v2.00/bin/bin/../../lib\libc99-pic30-elf.a(funpack2.DA_o)
 .debug_line      0x0054a3         0x57 e:/program files/microchip/xc16/v2.00/bin/bin/../../lib\libc99-pic30-elf.a(umuldi3.DA_o)
 .debug_line      0x0054fa         0x3a e:/program files/microchip/xc16/v2.00/bin/bin/../../lib\libc99-pic30-elf.a(mulsi3.DA_o)

.debug_frame      0x000000       0x2504
 *(.debug_frame)
 .debug_frame     0x000000        0x69c build/default/production/fs/ff.o
 .debug_frame     0x00069c        0x19e build/default/production/fs/mmc.o
 .debug_frame     0x00083a         0x54 build/default/production/mcc_generated_files/drivers/spi_master.o
 .debug_frame     0x00088e         0x24 build/default/production/mcc_generated_files/pin_manager.o
 .debug_frame     0x0008b2         0x24 build/default/production/mcc_generated_files/clock.o
 .debug_frame     0x0008d6         0x24 build/default/production/mcc_generated_files/interrupt_manager.o
 .debug_frame     0x0008fa         0x24 build/default/production/mcc_generated_files/system.o
 .debug_frame     0x00091e         0xf4 build/default/production/mcc_generated_files/traps.o
 .debug_frame     0x000a12         0xe4 build/default/production/mcc_generated_files/oc1.o
 .debug_frame     0x000af6         0xb4 build/default/production/mcc_generated_files/spi1_driver.o
 .debug_frame     0x000baa        0x108 build/default/production/mcc_generated_files/tmr2.o
 .debug_frame     0x000cb2         0x68 build/default/production/mcc_generated_files/ext_int.o
 .debug_frame     0x000d1a         0xb0 build/default/production/mcc_generated_files/rtcc.o
 .debug_frame     0x000dca         0xca build/default/production/sha/sha.o
 .debug_frame     0x000e94        0x11a build/default/production/usb/usb_device.o
 .debug_frame     0x000fae         0x24 build/default/production/usb/usb_device_hid.o
 .debug_frame     0x000fd2         0x24 build/default/production/usb/usb_events.o
 .debug_frame     0x000ff6         0x6e build/default/production/usb/usb_hal_16bit.o
 .debug_frame     0x001064         0xd4 build/default/production/usb/usb_tasks.o
 .debug_frame     0x001138         0x68 build/default/production/main.o
 .debug_frame     0x0011a0         0x7e build/default/production/buttons.o
 .debug_frame     0x00121e        0x3ce build/default/production/display_driver.o
 .debug_frame     0x0015ec        0x230 build/default/production/mcc_ext.o
 .debug_frame     0x00181c        0x80a build/default/production/logic.o
 .debug_frame     0x002026        0x4de build/default/production/ui.o

.debug_str        0x000000        0xb06
 *(.debug_str)
 .debug_str       0x000000          0xf build/default/production/fs/ff.o
 .debug_str       0x00000f         0x13 build/default/production/fs/mmc.o
 .debug_str       0x000022         0x2b build/default/production/mcc_generated_files/pin_manager.o
 .debug_str       0x00004d         0x27 build/default/production/mcc_generated_files/clock.o
 .debug_str       0x000074         0x12 build/default/production/mcc_generated_files/interrupt_manager.o
 .debug_str       0x000086          0xc build/default/production/mcc_generated_files/system.o
 .debug_str       0x000092          0xc build/default/production/mcc_generated_files/traps.o
 .debug_str       0x00009e         0x2a build/default/production/mcc_generated_files/oc1.o
 .debug_str       0x0000c8         0x77 build/default/production/mcc_generated_files/spi1_driver.o
 .debug_str       0x00013f         0x32 build/default/production/mcc_generated_files/tmr2.o
 .debug_str       0x000171         0x1e build/default/production/mcc_generated_files/ext_int.o
 .debug_str       0x00018f         0x4e build/default/production/mcc_generated_files/rtcc.o
 .debug_str       0x0001dd         0x2a build/default/production/usb/usb_descriptors.o
 .debug_str       0x000207        0x2c2 build/default/production/usb/usb_device.o
 .debug_str       0x0004c9         0x4a build/default/production/usb/usb_device_hid.o
 .debug_str       0x000513          0xb build/default/production/usb/usb_events.o
 .debug_str       0x00051e         0xa1 build/default/production/usb/usb_hal_16bit.o
 .debug_str       0x0005bf         0x62 build/default/production/usb/usb_tasks.o
 .debug_str       0x000621         0x3d build/default/production/main.o
 .debug_str       0x00065e         0x27 build/default/production/buttons.o
 .debug_str       0x000685         0x66 build/default/production/display_driver.o
 .debug_str       0x0006eb        0x158 build/default/production/mcc_ext.o
 .debug_str       0x000843        0x1d0 build/default/production/logic.o
 .debug_str       0x000a13         0xf3 build/default/production/ui.o

.debug_loc
 *(.debug_loc)

.debug_macinfo
 *(.debug_macinfo)

.debug_pubnames
                  0x000000       0x1cda
 *(.debug_pubnames)
 .debug_pubnames
                  0x000000        0x101 build/default/production/fs/ff.o
 .debug_pubnames
                  0x000101         0xba build/default/production/fs/mmc.o
 .debug_pubnames
                  0x0001bb         0x65 build/default/production/mcc_generated_files/drivers/spi_master.o
 .debug_pubnames
                  0x000220         0x2d build/default/production/mcc_generated_files/pin_manager.o
 .debug_pubnames
                  0x00024d         0x27 build/default/production/mcc_generated_files/clock.o
 .debug_pubnames
                  0x000274         0x2b build/default/production/mcc_generated_files/interrupt_manager.o
 .debug_pubnames
                  0x00029f         0x28 build/default/production/mcc_generated_files/system.o
 .debug_pubnames
                  0x0002c7         0x6f build/default/production/mcc_generated_files/traps.o
 .debug_pubnames
                  0x000336        0x12d build/default/production/mcc_generated_files/oc1.o
 .debug_pubnames
                  0x000463         0xe2 build/default/production/mcc_generated_files/spi1_driver.o
 .debug_pubnames
                  0x000545        0x156 build/default/production/mcc_generated_files/tmr2.o
 .debug_pubnames
                  0x00069b         0x51 build/default/production/mcc_generated_files/ext_int.o
 .debug_pubnames
                  0x0006ec         0xa3 build/default/production/mcc_generated_files/rtcc.o
 .debug_pubnames
                  0x00078f         0x5a build/default/production/sha/sha.o
 .debug_pubnames
                  0x0007e9         0x73 build/default/production/usb/usb_descriptors.o
 .debug_pubnames
                  0x00085c        0x3a3 build/default/production/usb/usb_device.o
 .debug_pubnames
                  0x000bff         0x29 build/default/production/usb/usb_device_hid.o
 .debug_pubnames
                  0x000c28         0x45 build/default/production/usb/usb_events.o
 .debug_pubnames
                  0x000c6d         0xa2 build/default/production/usb/usb_hal_16bit.o
 .debug_pubnames
                  0x000d0f        0x16b build/default/production/usb/usb_tasks.o
 .debug_pubnames
                  0x000e7a         0x48 build/default/production/main.o
 .debug_pubnames
                  0x000ec2         0x80 build/default/production/buttons.o
 .debug_pubnames
                  0x000f42        0x283 build/default/production/display_driver.o
 .debug_pubnames
                  0x0011c5         0x98 build/default/production/assets.o
 .debug_pubnames
                  0x00125d        0x2e2 build/default/production/mcc_ext.o
 .debug_pubnames
                  0x00153f        0x518 build/default/production/logic.o
 .debug_pubnames
                  0x001a57        0x283 build/default/production/ui.o

.debug_ranges
 *(.debug_ranges)

.debug_aranges    0x000000        0x4b0
 *(.debug_aranges)
 .debug_aranges
                  0x000000         0x18 build/default/production/fs/ff.o
 .debug_aranges
                  0x000018         0x18 build/default/production/fs/mmc.o
 .debug_aranges
                  0x000030         0x18 build/default/production/mcc_generated_files/drivers/spi_master.o
 .debug_aranges
                  0x000048         0x18 build/default/production/mcc_generated_files/pin_manager.o
 .debug_aranges
                  0x000060         0x18 build/default/production/mcc_generated_files/clock.o
 .debug_aranges
                  0x000078         0x18 build/default/production/mcc_generated_files/interrupt_manager.o
 .debug_aranges
                  0x000090         0x18 build/default/production/mcc_generated_files/system.o
 .debug_aranges
                  0x0000a8         0x18 build/default/production/mcc_generated_files/traps.o
 .debug_aranges
                  0x0000c0         0x18 build/default/production/mcc_generated_files/oc1.o
 .debug_aranges
                  0x0000d8         0x18 build/default/production/mcc_generated_files/spi1_driver.o
 .debug_aranges
                  0x0000f0         0x18 build/default/production/mcc_generated_files/tmr2.o
 .debug_aranges
                  0x000108         0x18 build/default/production/mcc_generated_files/ext_int.o
 .debug_aranges
                  0x000120         0x18 build/default/production/mcc_generated_files/rtcc.o
 .debug_aranges
                  0x000138         0x18 build/default/production/sha/sha.o
 .debug_aranges
                  0x000150         0x18 build/default/production/usb/usb_device.o
 .debug_aranges
                  0x000168         0x18 build/default/production/usb/usb_device_hid.o
 .debug_aranges
                  0x000180         0x18 build/default/production/usb/usb_events.o
 .debug_aranges
                  0x000198         0x18 build/default/production/usb/usb_hal_16bit.o
 .debug_aranges
                  0x0001b0         0x18 build/default/production/usb/usb_tasks.o
 .debug_aranges
                  0x0001c8         0x18 build/default/production/main.o
 .debug_aranges
                  0x0001e0         0x18 build/default/production/buttons.o
 .debug_aranges
                  0x0001f8         0x18 build/default/production/display_driver.o
 .debug_aranges
                  0x000210         0x18 build/default/production/mcc_ext.o
 .debug_aranges
                  0x000228         0x18 build/default/production/logic.o
 .debug_aranges
                  0x000240         0x18 build/default/production/ui.o
 .debug_aranges
                  0x000258         0x18 e:/program files/microchip/xc16/v2.00/bin/bin/../../lib\libc99-pic30-elf.a(divsi3.DA_o)
 .debug_aranges
                  0x000270         0x18 e:/program files/microchip/xc16/v2.00/bin/bin/../../lib\libc99-pic30-elf.a(feqltle.DA_o)
 .debug_aranges
                  0x000288         0x18 e:/program files/microchip/xc16/v2.00/bin/bin/../../lib\libc99-pic30-elf.a(fgtge.DA_o)
 .debug_aranges
                  0x0002a0         0x18 e:/program files/microchip/xc16/v2.00/bin/bin/../../lib\libc99-pic30-elf.a(fixunssfsi.DA_o)
 .debug_aranges
                  0x0002b8         0x18 e:/program files/microchip/xc16/v2.00/bin/bin/../../lib\libc99-pic30-elf.a(floatsisf.DA_o)
 .debug_aranges
                  0x0002d0         0x18 e:/program files/microchip/xc16/v2.00/bin/bin/../../lib\libc99-pic30-elf.a(funpack.DA_o)
 .debug_aranges
                  0x0002e8         0x18 e:/program files/microchip/xc16/v2.00/bin/bin/../../lib\libc99-pic30-elf.a(modsi3.DA_o)
 .debug_aranges
                  0x000300         0x18 e:/program files/microchip/xc16/v2.00/bin/bin/../../lib\libc99-pic30-elf.a(udivsi3.DA_o)
 .debug_aranges
                  0x000318         0x18 e:/program files/microchip/xc16/v2.00/bin/bin/../../lib\libc99-pic30-elf.a(umodsi3.DA_o)
 .debug_aranges
                  0x000330         0x18 e:/program files/microchip/xc16/v2.00/bin/bin/../../lib\libc99-pic30-elf.a(addsf3x.DA_o)
 .debug_aranges
                  0x000348         0x18 e:/program files/microchip/xc16/v2.00/bin/bin/../../lib\libc99-pic30-elf.a(divsf3x.DA_o)
 .debug_aranges
                  0x000360         0x18 e:/program files/microchip/xc16/v2.00/bin/bin/../../lib\libc99-pic30-elf.a(mulsf3x.DA_o)
 .debug_aranges
                  0x000378         0x18 e:/program files/microchip/xc16/v2.00/bin/bin/../../lib\libc99-pic30-elf.a(dnrmpackfx.DA_o)
 .debug_aranges
                  0x000390         0x18 e:/program files/microchip/xc16/v2.00/bin/bin/../../lib\libc99-pic30-elf.a(unpackdnrmfx.DA_o)
 .debug_aranges
                  0x0003a8         0x18 e:/program files/microchip/xc16/v2.00/bin/bin/../../lib\libc99-pic30-elf.a(typefx.DA_o)
 .debug_aranges
                  0x0003c0         0x18 e:/program files/microchip/xc16/v2.00/bin/bin/../../lib\libc99-pic30-elf.a(propnanfx.DA_o)
 .debug_aranges
                  0x0003d8         0x18 e:/program files/microchip/xc16/v2.00/bin/bin/../../lib\libc99-pic30-elf.a(spackfx.DA_o)
 .debug_aranges
                  0x0003f0         0x18 e:/program files/microchip/xc16/v2.00/bin/bin/../../lib\libc99-pic30-elf.a(unpackfx.DA_o)
 .debug_aranges
                  0x000408         0x18 e:/program files/microchip/xc16/v2.00/bin/bin/../../lib\libc99-pic30-elf.a(fcompare.DA_o)
 .debug_aranges
                  0x000420         0x18 e:/program files/microchip/xc16/v2.00/bin/bin/../../lib\libc99-pic30-elf.a(floatdisf.DA_o)
 .debug_aranges
                  0x000438         0x18 e:/program files/microchip/xc16/v2.00/bin/bin/../../lib\libc99-pic30-elf.a(floatundisf.DA_o)
 .debug_aranges
                  0x000450         0x18 e:/program files/microchip/xc16/v2.00/bin/bin/../../lib\libc99-pic30-elf.a(fpack.DA_o)
 .debug_aranges
                  0x000468         0x18 e:/program files/microchip/xc16/v2.00/bin/bin/../../lib\libc99-pic30-elf.a(funpack2.DA_o)
 .debug_aranges
                  0x000480         0x18 e:/program files/microchip/xc16/v2.00/bin/bin/../../lib\libc99-pic30-elf.a(umuldi3.DA_o)
 .debug_aranges
                  0x000498         0x18 e:/program files/microchip/xc16/v2.00/bin/bin/../../lib\libc99-pic30-elf.a(mulsi3.DA_o)
                    0x0000                  WREG0 = 0x0
                    0x0000                  _WREG0 = 0x0
                    0x0002                  WREG1 = 0x2
                    0x0002                  _WREG1 = 0x2
                    0x0004                  WREG2 = 0x4
                    0x0004                  _WREG2 = 0x4
                    0x0006                  WREG3 = 0x6
                    0x0006                  _WREG3 = 0x6
                    0x0008                  WREG4 = 0x8
                    0x0008                  _WREG4 = 0x8
                    0x000a                  WREG5 = 0xa
                    0x000a                  _WREG5 = 0xa
                    0x000c                  WREG6 = 0xc
                    0x000c                  _WREG6 = 0xc
                    0x000e                  WREG7 = 0xe
                    0x000e                  _WREG7 = 0xe
                    0x0010                  WREG8 = 0x10
                    0x0010                  _WREG8 = 0x10
                    0x0012                  WREG9 = 0x12
                    0x0012                  _WREG9 = 0x12
                    0x0014                  WREG10 = 0x14
                    0x0014                  _WREG10 = 0x14
                    0x0016                  WREG11 = 0x16
                    0x0016                  _WREG11 = 0x16
                    0x0018                  WREG12 = 0x18
                    0x0018                  _WREG12 = 0x18
                    0x001a                  WREG13 = 0x1a
                    0x001a                  _WREG13 = 0x1a
                    0x001c                  WREG14 = 0x1c
                    0x001c                  _WREG14 = 0x1c
                    0x001e                  WREG15 = 0x1e
                    0x001e                  _WREG15 = 0x1e
                    0x0020                  SPLIM = 0x20
                    0x0020                  _SPLIM = 0x20
                    0x002e                  PCL = 0x2e
                    0x002e                  _PCL = 0x2e
                    0x0030                  PCH = 0x30
                    0x0030                  _PCH = 0x30
                    0x0032                  DSRPAG = 0x32
                    0x0032                  _DSRPAG = 0x32
                    0x0032                  _DSRPAGbits = 0x32
                    0x0034                  DSWPAG = 0x34
                    0x0034                  _DSWPAG = 0x34
                    0x0034                  _DSWPAGbits = 0x34
                    0x0036                  RCOUNT = 0x36
                    0x0036                  _RCOUNT = 0x36
                    0x0042                  SR = 0x42
                    0x0042                  _SR = 0x42
                    0x0042                  _SRbits = 0x42
                    0x0044                  CORCON = 0x44
                    0x0044                  _CORCON = 0x44
                    0x0044                  _CORCONbits = 0x44
                    0x0052                  DISICNT = 0x52
                    0x0052                  _DISICNT = 0x52
                    0x0052                  _DISICNTbits = 0x52
                    0x0054                  TBLPAG = 0x54
                    0x0054                  _TBLPAG = 0x54
                    0x0054                  _TBLPAGbits = 0x54
                    0x0056                  CNPD1 = 0x56
                    0x0056                  _CNPD1 = 0x56
                    0x0056                  _CNPD1bits = 0x56
                    0x0058                  CNPD2 = 0x58
                    0x0058                  _CNPD2 = 0x58
                    0x0058                  _CNPD2bits = 0x58
                    0x005a                  CNPD3 = 0x5a
                    0x005a                  _CNPD3 = 0x5a
                    0x005a                  _CNPD3bits = 0x5a
                    0x0062                  CNEN1 = 0x62
                    0x0062                  _CNEN1 = 0x62
                    0x0062                  _CNEN1bits = 0x62
                    0x0064                  CNEN2 = 0x64
                    0x0064                  _CNEN2 = 0x64
                    0x0064                  _CNEN2bits = 0x64
                    0x0066                  CNEN3 = 0x66
                    0x0066                  _CNEN3 = 0x66
                    0x0066                  _CNEN3bits = 0x66
                    0x006e                  CNPU1 = 0x6e
                    0x006e                  _CNPU1 = 0x6e
                    0x006e                  _CNPU1bits = 0x6e
                    0x0070                  CNPU2 = 0x70
                    0x0070                  _CNPU2 = 0x70
                    0x0070                  _CNPU2bits = 0x70
                    0x0072                  CNPU3 = 0x72
                    0x0072                  _CNPU3 = 0x72
                    0x0072                  _CNPU3bits = 0x72
                    0x0080                  INTCON1 = 0x80
                    0x0080                  _INTCON1 = 0x80
                    0x0080                  _INTCON1bits = 0x80
                    0x0082                  INTCON2 = 0x82
                    0x0082                  _INTCON2 = 0x82
                    0x0082                  _INTCON2bits = 0x82
                    0x0084                  IFS0 = 0x84
                    0x0084                  _IFS0 = 0x84
                    0x0084                  _IFS0bits = 0x84
                    0x0086                  IFS1 = 0x86
                    0x0086                  _IFS1 = 0x86
                    0x0086                  _IFS1bits = 0x86
                    0x0088                  IFS2 = 0x88
                    0x0088                  _IFS2 = 0x88
                    0x0088                  _IFS2bits = 0x88
                    0x008a                  IFS3 = 0x8a
                    0x008a                  _IFS3 = 0x8a
                    0x008a                  _IFS3bits = 0x8a
                    0x008c                  IFS4 = 0x8c
                    0x008c                  _IFS4 = 0x8c
                    0x008c                  _IFS4bits = 0x8c
                    0x008e                  IFS5 = 0x8e
                    0x008e                  _IFS5 = 0x8e
                    0x008e                  _IFS5bits = 0x8e
                    0x0090                  IFS6 = 0x90
                    0x0090                  _IFS6 = 0x90
                    0x0090                  _IFS6bits = 0x90
                    0x0092                  IFS7 = 0x92
                    0x0092                  _IFS7 = 0x92
                    0x0092                  _IFS7bits = 0x92
                    0x0094                  IEC0 = 0x94
                    0x0094                  _IEC0 = 0x94
                    0x0094                  _IEC0bits = 0x94
                    0x0096                  IEC1 = 0x96
                    0x0096                  _IEC1 = 0x96
                    0x0096                  _IEC1bits = 0x96
                    0x0098                  IEC2 = 0x98
                    0x0098                  _IEC2 = 0x98
                    0x0098                  _IEC2bits = 0x98
                    0x009a                  IEC3 = 0x9a
                    0x009a                  _IEC3 = 0x9a
                    0x009a                  _IEC3bits = 0x9a
                    0x009c                  IEC4 = 0x9c
                    0x009c                  _IEC4 = 0x9c
                    0x009c                  _IEC4bits = 0x9c
                    0x009e                  IEC5 = 0x9e
                    0x009e                  _IEC5 = 0x9e
                    0x009e                  _IEC5bits = 0x9e
                    0x00a0                  IEC6 = 0xa0
                    0x00a0                  _IEC6 = 0xa0
                    0x00a0                  _IEC6bits = 0xa0
                    0x00a2                  IEC7 = 0xa2
                    0x00a2                  _IEC7 = 0xa2
                    0x00a2                  _IEC7bits = 0xa2
                    0x00a4                  IPC0 = 0xa4
                    0x00a4                  _IPC0 = 0xa4
                    0x00a4                  _IPC0bits = 0xa4
                    0x00a6                  IPC1 = 0xa6
                    0x00a6                  _IPC1 = 0xa6
                    0x00a6                  _IPC1bits = 0xa6
                    0x00a8                  IPC2 = 0xa8
                    0x00a8                  _IPC2 = 0xa8
                    0x00a8                  _IPC2bits = 0xa8
                    0x00aa                  IPC3 = 0xaa
                    0x00aa                  _IPC3 = 0xaa
                    0x00aa                  _IPC3bits = 0xaa
                    0x00ac                  IPC4 = 0xac
                    0x00ac                  _IPC4 = 0xac
                    0x00ac                  _IPC4bits = 0xac
                    0x00ae                  IPC5 = 0xae
                    0x00ae                  _IPC5 = 0xae
                    0x00ae                  _IPC5bits = 0xae
                    0x00b0                  IPC6 = 0xb0
                    0x00b0                  _IPC6 = 0xb0
                    0x00b0                  _IPC6bits = 0xb0
                    0x00b2                  IPC7 = 0xb2
                    0x00b2                  _IPC7 = 0xb2
                    0x00b2                  _IPC7bits = 0xb2
                    0x00b4                  IPC8 = 0xb4
                    0x00b4                  _IPC8 = 0xb4
                    0x00b4                  _IPC8bits = 0xb4
                    0x00b6                  IPC9 = 0xb6
                    0x00b6                  _IPC9 = 0xb6
                    0x00b6                  _IPC9bits = 0xb6
                    0x00b8                  IPC10 = 0xb8
                    0x00b8                  _IPC10 = 0xb8
                    0x00b8                  _IPC10bits = 0xb8
                    0x00ba                  IPC11 = 0xba
                    0x00ba                  _IPC11 = 0xba
                    0x00ba                  _IPC11bits = 0xba
                    0x00bc                  IPC12 = 0xbc
                    0x00bc                  _IPC12 = 0xbc
                    0x00bc                  _IPC12bits = 0xbc
                    0x00be                  IPC13 = 0xbe
                    0x00be                  _IPC13 = 0xbe
                    0x00be                  _IPC13bits = 0xbe
                    0x00c0                  IPC14 = 0xc0
                    0x00c0                  _IPC14 = 0xc0
                    0x00c0                  _IPC14bits = 0xc0
                    0x00c2                  IPC15 = 0xc2
                    0x00c2                  _IPC15 = 0xc2
                    0x00c2                  _IPC15bits = 0xc2
                    0x00c4                  IPC16 = 0xc4
                    0x00c4                  _IPC16 = 0xc4
                    0x00c4                  _IPC16bits = 0xc4
                    0x00c8                  IPC18 = 0xc8
                    0x00c8                  _IPC18 = 0xc8
                    0x00c8                  _IPC18bits = 0xc8
                    0x00ca                  IPC19 = 0xca
                    0x00ca                  _IPC19 = 0xca
                    0x00ca                  _IPC19bits = 0xca
                    0x00cc                  IPC20 = 0xcc
                    0x00cc                  _IPC20 = 0xcc
                    0x00cc                  _IPC20bits = 0xcc
                    0x00ce                  IPC21 = 0xce
                    0x00ce                  _IPC21 = 0xce
                    0x00ce                  _IPC21bits = 0xce
                    0x00d0                  IPC22 = 0xd0
                    0x00d0                  _IPC22 = 0xd0
                    0x00d0                  _IPC22bits = 0xd0
                    0x00d2                  IPC23 = 0xd2
                    0x00d2                  _IPC23 = 0xd2
                    0x00d6                  IPC25 = 0xd6
                    0x00d6                  _IPC25 = 0xd6
                    0x00d8                  IPC26 = 0xd8
                    0x00d8                  _IPC26 = 0xd8
                    0x00d8                  _IPC26bits = 0xd8
                    0x00de                  IPC29 = 0xde
                    0x00de                  _IPC29 = 0xde
                    0x00de                  _IPC29bits = 0xde
                    0x00e0                  INTTREG = 0xe0
                    0x00e0                  _INTTREG = 0xe0
                    0x00e0                  _INTTREGbits = 0xe0
                    0x0100                  OSCCON = 0x100
                    0x0100                  _OSCCON = 0x100
                    0x0100                  _OSCCONbits = 0x100
                    0x0100                  OSCCONL = 0x100
                    0x0100                  _OSCCONL = 0x100
                    0x0101                  OSCCONH = 0x101
                    0x0101                  _OSCCONH = 0x101
                    0x0102                  CLKDIV = 0x102
                    0x0102                  _CLKDIV = 0x102
                    0x0102                  _CLKDIVbits = 0x102
                    0x0106                  OSCTUN = 0x106
                    0x0106                  _OSCTUN = 0x106
                    0x0106                  _OSCTUNbits = 0x106
                    0x0108                  RCON = 0x108
                    0x0108                  _RCON = 0x108
                    0x0108                  _RCONbits = 0x108
                    0x010a                  RCON2 = 0x10a
                    0x010a                  _RCON2 = 0x10a
                    0x010a                  _RCON2bits = 0x10a
                    0x010c                  HLVDCON = 0x10c
                    0x010c                  _HLVDCON = 0x10c
                    0x010c                  _HLVDCONbits = 0x10c
                    0x010e                  DSCON = 0x10e
                    0x010e                  _DSCON = 0x10e
                    0x010e                  _DSCONbits = 0x10e
                    0x0110                  DSWAKE = 0x110
                    0x0110                  _DSWAKE = 0x110
                    0x0110                  _DSWAKEbits = 0x110
                    0x0112                  DSGPR0 = 0x112
                    0x0112                  _DSGPR0 = 0x112
                    0x0114                  DSGPR1 = 0x114
                    0x0114                  _DSGPR1 = 0x114
                    0x011e                  ALRMVAL = 0x11e
                    0x011e                  _ALRMVAL = 0x11e
                    0x0120                  ALCFGRPT = 0x120
                    0x0120                  _ALCFGRPT = 0x120
                    0x0120                  _ALCFGRPTbits = 0x120
                    0x0122                  RTCVAL = 0x122
                    0x0122                  _RTCVAL = 0x122
                    0x0124                  RCFGCAL = 0x124
                    0x0124                  _RCFGCAL = 0x124
                    0x0124                  _RCFGCALbits = 0x124
                    0x0126                  RTCPWC = 0x126
                    0x0126                  _RTCPWC = 0x126
                    0x0126                  _RTCPWCbits = 0x126
                    0x0128                  PMCON1 = 0x128
                    0x0128                  _PMCON1 = 0x128
                    0x0128                  _PMCON1bits = 0x128
                    0x012a                  PMCON2 = 0x12a
                    0x012a                  _PMCON2 = 0x12a
                    0x012a                  _PMCON2bits = 0x12a
                    0x012c                  PMCON3 = 0x12c
                    0x012c                  _PMCON3 = 0x12c
                    0x012c                  _PMCON3bits = 0x12c
                    0x012e                  PMCON4 = 0x12e
                    0x012e                  _PMCON4 = 0x12e
                    0x012e                  _PMCON4bits = 0x12e
                    0x0130                  PMCS1CF = 0x130
                    0x0130                  _PMCS1CF = 0x130
                    0x0130                  _PMCS1CFbits = 0x130
                    0x0132                  PMCS1BS = 0x132
                    0x0132                  _PMCS1BS = 0x132
                    0x0132                  _PMCS1BSbits = 0x132
                    0x0134                  PMCS1MD = 0x134
                    0x0134                  _PMCS1MD = 0x134
                    0x0134                  _PMCS1MDbits = 0x134
                    0x0136                  PMCS2CF = 0x136
                    0x0136                  _PMCS2CF = 0x136
                    0x0136                  _PMCS2CFbits = 0x136
                    0x0138                  PMCS2BS = 0x138
                    0x0138                  _PMCS2BS = 0x138
                    0x0138                  _PMCS2BSbits = 0x138
                    0x013a                  PMCS2MD = 0x13a
                    0x013a                  _PMCS2MD = 0x13a
                    0x013a                  _PMCS2MDbits = 0x13a
                    0x013c                  PMDOUT1 = 0x13c
                    0x013c                  _PMDOUT1 = 0x13c
                    0x013e                  PMDOUT2 = 0x13e
                    0x013e                  _PMDOUT2 = 0x13e
                    0x0140                  PMDIN1 = 0x140
                    0x0140                  _PMDIN1 = 0x140
                    0x0142                  PMDIN2 = 0x142
                    0x0142                  _PMDIN2 = 0x142
                    0x0144                  PMSTAT = 0x144
                    0x0144                  _PMSTAT = 0x144
                    0x0144                  _PMSTATbits = 0x144
                    0x0158                  CRCCON1 = 0x158
                    0x0158                  _CRCCON1 = 0x158
                    0x0158                  _CRCCON1bits = 0x158
                    0x015a                  CRCCON2 = 0x15a
                    0x015a                  _CRCCON2 = 0x15a
                    0x015a                  _CRCCON2bits = 0x15a
                    0x015c                  CRCXORL = 0x15c
                    0x015c                  _CRCXORL = 0x15c
                    0x015c                  _CRCXORLbits = 0x15c
                    0x015e                  CRCXORH = 0x15e
                    0x015e                  _CRCXORH = 0x15e
                    0x015e                  _CRCXORHbits = 0x15e
                    0x0160                  CRCDAT = 0x160
                    0x0160                  _CRCDAT = 0x160
                    0x0160                  CRCDATL = 0x160
                    0x0160                  _CRCDATL = 0x160
                    0x0162                  CRCDATH = 0x162
                    0x0162                  _CRCDATH = 0x162
                    0x0164                  CRCWDAT = 0x164
                    0x0164                  _CRCWDAT = 0x164
                    0x0164                  CRCWDATL = 0x164
                    0x0164                  _CRCWDATL = 0x164
                    0x0166                  CRCWDATH = 0x166
                    0x0166                  _CRCWDATH = 0x166
                    0x0168                  REFOCON1 = 0x168
                    0x0168                  _REFOCON1 = 0x168
                    0x0168                  _REFOCON1bits = 0x168
                    0x0168                  REFOCONL = 0x168
                    0x0168                  _REFOCONL = 0x168
                    0x0168                  _REFOCONLbits = 0x168
                    0x016a                  REFOCON2 = 0x16a
                    0x016a                  _REFOCON2 = 0x16a
                    0x016a                  _REFOCON2bits = 0x16a
                    0x016a                  REFOCONH = 0x16a
                    0x016a                  _REFOCONH = 0x16a
                    0x016a                  _REFOCONHbits = 0x16a
                    0x016e                  REFOTRIMH = 0x16e
                    0x016e                  _REFOTRIMH = 0x16e
                    0x016e                  _REFOTRIMHbits = 0x16e
                    0x0170                  PMD1 = 0x170
                    0x0170                  _PMD1 = 0x170
                    0x0170                  _PMD1bits = 0x170
                    0x0172                  PMD2 = 0x172
                    0x0172                  _PMD2 = 0x172
                    0x0172                  _PMD2bits = 0x172
                    0x0174                  PMD3 = 0x174
                    0x0174                  _PMD3 = 0x174
                    0x0174                  _PMD3bits = 0x174
                    0x0176                  PMD4 = 0x176
                    0x0176                  _PMD4 = 0x176
                    0x0176                  _PMD4bits = 0x176
                    0x0178                  PMD5 = 0x178
                    0x0178                  _PMD5 = 0x178
                    0x017a                  PMD6 = 0x17a
                    0x017a                  _PMD6 = 0x17a
                    0x017a                  _PMD6bits = 0x17a
                    0x017c                  PMD7 = 0x17c
                    0x017c                  _PMD7 = 0x17c
                    0x017c                  _PMD7bits = 0x17c
                    0x017e                  PMD8 = 0x17e
                    0x017e                  _PMD8 = 0x17e
                    0x017e                  _PMD8bits = 0x17e
                    0x0180                  TRISA = 0x180
                    0x0180                  _TRISA = 0x180
                    0x0180                  _TRISAbits = 0x180
                    0x0182                  PORTA = 0x182
                    0x0182                  _PORTA = 0x182
                    0x0182                  _PORTAbits = 0x182
                    0x0184                  LATA = 0x184
                    0x0184                  _LATA = 0x184
                    0x0184                  _LATAbits = 0x184
                    0x0186                  ODCA = 0x186
                    0x0186                  _ODCA = 0x186
                    0x0186                  _ODCAbits = 0x186
                    0x0188                  ANSA = 0x188
                    0x0188                  _ANSA = 0x188
                    0x0188                  _ANSAbits = 0x188
                    0x0188                  ANSELA = 0x188
                    0x0188                  _ANSELA = 0x188
                    0x0188                  _ANSELAbits = 0x188
                    0x018a                  TRISB = 0x18a
                    0x018a                  _TRISB = 0x18a
                    0x018a                  _TRISBbits = 0x18a
                    0x018c                  PORTB = 0x18c
                    0x018c                  _PORTB = 0x18c
                    0x018c                  _PORTBbits = 0x18c
                    0x018e                  LATB = 0x18e
                    0x018e                  _LATB = 0x18e
                    0x018e                  _LATBbits = 0x18e
                    0x0190                  ODCB = 0x190
                    0x0190                  _ODCB = 0x190
                    0x0190                  _ODCBbits = 0x190
                    0x0192                  ANSB = 0x192
                    0x0192                  _ANSB = 0x192
                    0x0192                  _ANSBbits = 0x192
                    0x0192                  ANSELB = 0x192
                    0x0192                  _ANSELB = 0x192
                    0x0192                  _ANSELBbits = 0x192
                    0x0194                  TRISC = 0x194
                    0x0194                  _TRISC = 0x194
                    0x0194                  _TRISCbits = 0x194
                    0x0196                  PORTC = 0x196
                    0x0196                  _PORTC = 0x196
                    0x0196                  _PORTCbits = 0x196
                    0x0198                  LATC = 0x198
                    0x0198                  _LATC = 0x198
                    0x0198                  _LATCbits = 0x198
                    0x019a                  ODCC = 0x19a
                    0x019a                  _ODCC = 0x19a
                    0x019a                  _ODCCbits = 0x19a
                    0x019c                  ANSC = 0x19c
                    0x019c                  _ANSC = 0x19c
                    0x019c                  _ANSCbits = 0x19c
                    0x019c                  ANSELC = 0x19c
                    0x019c                  _ANSELC = 0x19c
                    0x019c                  _ANSELCbits = 0x19c
                    0x019e                  ANCFG = 0x19e
                    0x019e                  _ANCFG = 0x19e
                    0x019e                  _ANCFGbits = 0x19e
                    0x01a0                  PADCFG1 = 0x1a0
                    0x01a0                  _PADCFG1 = 0x1a0
                    0x01a0                  _PADCFG1bits = 0x1a0
                    0x01a4                  CRYCON1 = 0x1a4
                    0x01a4                  _CRYCON1 = 0x1a4
                    0x01a4                  _CRYCON1bits = 0x1a4
                    0x01a4                  CRYCONL = 0x1a4
                    0x01a4                  _CRYCONL = 0x1a4
                    0x01a4                  _CRYCONLbits = 0x1a4
                    0x01a6                  CRYCON2 = 0x1a6
                    0x01a6                  _CRYCON2 = 0x1a6
                    0x01a6                  _CRYCON2bits = 0x1a6
                    0x01a6                  CRYCONH = 0x1a6
                    0x01a6                  _CRYCONH = 0x1a6
                    0x01a6                  _CRYCONHbits = 0x1a6
                    0x01a8                  CRYSTAT = 0x1a8
                    0x01a8                  _CRYSTAT = 0x1a8
                    0x01a8                  _CRYSTATbits = 0x1a8
                    0x01ac                  CRYOTP = 0x1ac
                    0x01ac                  _CRYOTP = 0x1ac
                    0x01ac                  _CRYOTPbits = 0x1ac
                    0x01b0                  CRYTXTA = 0x1b0
                    0x01b0                  _CRYTXTA = 0x1b0
                    0x01b0                  CRYTXTA0 = 0x1b0
                    0x01b0                  _CRYTXTA0 = 0x1b0
                    0x01b2                  CRYTXTA1 = 0x1b2
                    0x01b2                  _CRYTXTA1 = 0x1b2
                    0x01b4                  CRYTXTA2 = 0x1b4
                    0x01b4                  _CRYTXTA2 = 0x1b4
                    0x01b6                  CRYTXTA3 = 0x1b6
                    0x01b6                  _CRYTXTA3 = 0x1b6
                    0x01b8                  CRYTXTA4 = 0x1b8
                    0x01b8                  _CRYTXTA4 = 0x1b8
                    0x01ba                  CRYTXTA5 = 0x1ba
                    0x01ba                  _CRYTXTA5 = 0x1ba
                    0x01bc                  CRYTXTA6 = 0x1bc
                    0x01bc                  _CRYTXTA6 = 0x1bc
                    0x01be                  CRYTXTA7 = 0x1be
                    0x01be                  _CRYTXTA7 = 0x1be
                    0x01c0                  CRYKEY = 0x1c0
                    0x01c0                  _CRYKEY = 0x1c0
                    0x01c0                  CRYKEY0 = 0x1c0
                    0x01c0                  _CRYKEY0 = 0x1c0
                    0x01c2                  CRYKEY1 = 0x1c2
                    0x01c2                  _CRYKEY1 = 0x1c2
                    0x01c4                  CRYKEY2 = 0x1c4
                    0x01c4                  _CRYKEY2 = 0x1c4
                    0x01c6                  CRYKEY3 = 0x1c6
                    0x01c6                  _CRYKEY3 = 0x1c6
                    0x01c8                  CRYKEY4 = 0x1c8
                    0x01c8                  _CRYKEY4 = 0x1c8
                    0x01ca                  CRYKEY5 = 0x1ca
                    0x01ca                  _CRYKEY5 = 0x1ca
                    0x01cc                  CRYKEY6 = 0x1cc
                    0x01cc                  _CRYKEY6 = 0x1cc
                    0x01ce                  CRYKEY7 = 0x1ce
                    0x01ce                  _CRYKEY7 = 0x1ce
                    0x01d0                  CRYKEY8 = 0x1d0
                    0x01d0                  _CRYKEY8 = 0x1d0
                    0x01d2                  CRYKEY9 = 0x1d2
                    0x01d2                  _CRYKEY9 = 0x1d2
                    0x01d4                  CRYKEY10 = 0x1d4
                    0x01d4                  _CRYKEY10 = 0x1d4
                    0x01d6                  CRYKEY11 = 0x1d6
                    0x01d6                  _CRYKEY11 = 0x1d6
                    0x01d8                  CRYKEY12 = 0x1d8
                    0x01d8                  _CRYKEY12 = 0x1d8
                    0x01da                  CRYKEY13 = 0x1da
                    0x01da                  _CRYKEY13 = 0x1da
                    0x01dc                  CRYKEY14 = 0x1dc
                    0x01dc                  _CRYKEY14 = 0x1dc
                    0x01de                  CRYKEY15 = 0x1de
                    0x01de                  _CRYKEY15 = 0x1de
                    0x01e0                  CRYTXTB = 0x1e0
                    0x01e0                  _CRYTXTB = 0x1e0
                    0x01e0                  CRYTXTB0 = 0x1e0
                    0x01e0                  _CRYTXTB0 = 0x1e0
                    0x01e2                  CRYTXTB1 = 0x1e2
                    0x01e2                  _CRYTXTB1 = 0x1e2
                    0x01e4                  CRYTXTB2 = 0x1e4
                    0x01e4                  _CRYTXTB2 = 0x1e4
                    0x01e6                  CRYTXTB3 = 0x1e6
                    0x01e6                  _CRYTXTB3 = 0x1e6
                    0x01e8                  CRYTXTB4 = 0x1e8
                    0x01e8                  _CRYTXTB4 = 0x1e8
                    0x01ea                  CRYTXTB5 = 0x1ea
                    0x01ea                  _CRYTXTB5 = 0x1ea
                    0x01ec                  CRYTXTB6 = 0x1ec
                    0x01ec                  _CRYTXTB6 = 0x1ec
                    0x01ee                  CRYTXTB7 = 0x1ee
                    0x01ee                  _CRYTXTB7 = 0x1ee
                    0x01f0                  CRYTXTC = 0x1f0
                    0x01f0                  _CRYTXTC = 0x1f0
                    0x01f0                  CRYTXTC0 = 0x1f0
                    0x01f0                  _CRYTXTC0 = 0x1f0
                    0x01f2                  CRYTXTC1 = 0x1f2
                    0x01f2                  _CRYTXTC1 = 0x1f2
                    0x01f4                  CRYTXTC2 = 0x1f4
                    0x01f4                  _CRYTXTC2 = 0x1f4
                    0x01f6                  CRYTXTC3 = 0x1f6
                    0x01f6                  _CRYTXTC3 = 0x1f6
                    0x01f8                  CRYTXTC4 = 0x1f8
                    0x01f8                  _CRYTXTC4 = 0x1f8
                    0x01fa                  CRYTXTC5 = 0x1fa
                    0x01fa                  _CRYTXTC5 = 0x1fa
                    0x01fc                  CRYTXTC6 = 0x1fc
                    0x01fc                  _CRYTXTC6 = 0x1fc
                    0x01fe                  CRYTXTC7 = 0x1fe
                    0x01fe                  _CRYTXTC7 = 0x1fe
                    0x0200                  ADC1BUF0 = 0x200
                    0x0200                  _ADC1BUF0 = 0x200
                    0x0202                  ADC1BUF1 = 0x202
                    0x0202                  _ADC1BUF1 = 0x202
                    0x0204                  ADC1BUF2 = 0x204
                    0x0204                  _ADC1BUF2 = 0x204
                    0x0206                  ADC1BUF3 = 0x206
                    0x0206                  _ADC1BUF3 = 0x206
                    0x0208                  ADC1BUF4 = 0x208
                    0x0208                  _ADC1BUF4 = 0x208
                    0x020a                  ADC1BUF5 = 0x20a
                    0x020a                  _ADC1BUF5 = 0x20a
                    0x020c                  ADC1BUF6 = 0x20c
                    0x020c                  _ADC1BUF6 = 0x20c
                    0x020e                  ADC1BUF7 = 0x20e
                    0x020e                  _ADC1BUF7 = 0x20e
                    0x0210                  ADC1BUF8 = 0x210
                    0x0210                  _ADC1BUF8 = 0x210
                    0x0212                  ADC1BUF9 = 0x212
                    0x0212                  _ADC1BUF9 = 0x212
                    0x0214                  ADC1BUF10 = 0x214
                    0x0214                  _ADC1BUF10 = 0x214
                    0x0216                  ADC1BUF11 = 0x216
                    0x0216                  _ADC1BUF11 = 0x216
                    0x0218                  ADC1BUF12 = 0x218
                    0x0218                  _ADC1BUF12 = 0x218
                    0x021a                  ADC1BUF13 = 0x21a
                    0x021a                  _ADC1BUF13 = 0x21a
                    0x021c                  ADC1BUF14 = 0x21c
                    0x021c                  _ADC1BUF14 = 0x21c
                    0x021e                  ADC1BUF15 = 0x21e
                    0x021e                  _ADC1BUF15 = 0x21e
                    0x0220                  AD1CON1 = 0x220
                    0x0220                  _AD1CON1 = 0x220
                    0x0220                  _AD1CON1bits = 0x220
                    0x0222                  AD1CON2 = 0x222
                    0x0222                  _AD1CON2 = 0x222
                    0x0222                  _AD1CON2bits = 0x222
                    0x0224                  AD1CON3 = 0x224
                    0x0224                  _AD1CON3 = 0x224
                    0x0224                  _AD1CON3bits = 0x224
                    0x0228                  AD1CHS = 0x228
                    0x0228                  _AD1CHS = 0x228
                    0x0228                  _AD1CHSbits = 0x228
                    0x0228                  AD1CHS0 = 0x228
                    0x0228                  _AD1CHS0 = 0x228
                    0x0228                  _AD1CHS0bits = 0x228
                    0x022a                  AD1CSSH = 0x22a
                    0x022a                  _AD1CSSH = 0x22a
                    0x022a                  _AD1CSSHbits = 0x22a
                    0x022c                  AD1CSSL = 0x22c
                    0x022c                  _AD1CSSL = 0x22c
                    0x022c                  _AD1CSSLbits = 0x22c
                    0x022e                  AD1CON4 = 0x22e
                    0x022e                  _AD1CON4 = 0x22e
                    0x022e                  _AD1CON4bits = 0x22e
                    0x0230                  AD1CON5 = 0x230
                    0x0230                  _AD1CON5 = 0x230
                    0x0230                  _AD1CON5bits = 0x230
                    0x0234                  AD1CHITL = 0x234
                    0x0234                  _AD1CHITL = 0x234
                    0x0234                  _AD1CHITLbits = 0x234
                    0x0238                  AD1CTMENL = 0x238
                    0x0238                  _AD1CTMENL = 0x238
                    0x0238                  _AD1CTMENLbits = 0x238
                    0x023a                  AD1DMBUF = 0x23a
                    0x023a                  _AD1DMBUF = 0x23a
                    0x023a                  AD1RESDMA = 0x23a
                    0x023a                  _AD1RESDMA = 0x23a
                    0x023c                  CTMUCON1 = 0x23c
                    0x023c                  _CTMUCON1 = 0x23c
                    0x023c                  _CTMUCON1bits = 0x23c
                    0x023e                  CTMUCON2 = 0x23e
                    0x023e                  _CTMUCON2 = 0x23e
                    0x023e                  _CTMUCON2bits = 0x23e
                    0x0240                  CTMUICON = 0x240
                    0x0240                  _CTMUICON = 0x240
                    0x0240                  _CTMUICONbits = 0x240
                    0x0242                  CMSTAT = 0x242
                    0x0242                  _CMSTAT = 0x242
                    0x0242                  _CMSTATbits = 0x242
                    0x0244                  CVRCON = 0x244
                    0x0244                  _CVRCON = 0x244
                    0x0244                  _CVRCONbits = 0x244
                    0x0246                  CM1CON = 0x246
                    0x0246                  _CM1CON = 0x246
                    0x0246                  _CM1CONbits = 0x246
                    0x0248                  CM2CON = 0x248
                    0x0248                  _CM2CON = 0x248
                    0x0248                  _CM2CONbits = 0x248
                    0x024a                  CM3CON = 0x24a
                    0x024a                  _CM3CON = 0x24a
                    0x024a                  _CM3CONbits = 0x24a
                    0x024c                  TMR1 = 0x24c
                    0x024c                  _TMR1 = 0x24c
                    0x024e                  PR1 = 0x24e
                    0x024e                  _PR1 = 0x24e
                    0x0250                  T1CON = 0x250
                    0x0250                  _T1CON = 0x250
                    0x0250                  _T1CONbits = 0x250
                    0x0252                  TMR2 = 0x252
                    0x0252                  _TMR2 = 0x252
                    0x0254                  TMR3HLD = 0x254
                    0x0254                  _TMR3HLD = 0x254
                    0x0256                  TMR3 = 0x256
                    0x0256                  _TMR3 = 0x256
                    0x0258                  PR2 = 0x258
                    0x0258                  _PR2 = 0x258
                    0x025a                  PR3 = 0x25a
                    0x025a                  _PR3 = 0x25a
                    0x025c                  T2CON = 0x25c
                    0x025c                  _T2CON = 0x25c
                    0x025c                  _T2CONbits = 0x25c
                    0x025e                  T3CON = 0x25e
                    0x025e                  _T3CON = 0x25e
                    0x025e                  _T3CONbits = 0x25e
                    0x0260                  TMR4 = 0x260
                    0x0260                  _TMR4 = 0x260
                    0x0262                  TMR5HLD = 0x262
                    0x0262                  _TMR5HLD = 0x262
                    0x0264                  TMR5 = 0x264
                    0x0264                  _TMR5 = 0x264
                    0x0266                  PR4 = 0x266
                    0x0266                  _PR4 = 0x266
                    0x0268                  PR5 = 0x268
                    0x0268                  _PR5 = 0x268
                    0x026a                  T4CON = 0x26a
                    0x026a                  _T4CON = 0x26a
                    0x026a                  _T4CONbits = 0x26a
                    0x026c                  T5CON = 0x26c
                    0x026c                  _T5CON = 0x26c
                    0x026c                  _T5CONbits = 0x26c
                    0x026e                  OC1CON1 = 0x26e
                    0x026e                  _OC1CON1 = 0x26e
                    0x026e                  _OC1CON1bits = 0x26e
                    0x0270                  OC1CON2 = 0x270
                    0x0270                  _OC1CON2 = 0x270
                    0x0270                  _OC1CON2bits = 0x270
                    0x0272                  OC1RS = 0x272
                    0x0272                  _OC1RS = 0x272
                    0x0274                  OC1R = 0x274
                    0x0274                  _OC1R = 0x274
                    0x0276                  OC1TMR = 0x276
                    0x0276                  _OC1TMR = 0x276
                    0x0278                  OC2CON1 = 0x278
                    0x0278                  _OC2CON1 = 0x278
                    0x0278                  _OC2CON1bits = 0x278
                    0x027a                  OC2CON2 = 0x27a
                    0x027a                  _OC2CON2 = 0x27a
                    0x027a                  _OC2CON2bits = 0x27a
                    0x027c                  OC2RS = 0x27c
                    0x027c                  _OC2RS = 0x27c
                    0x027e                  OC2R = 0x27e
                    0x027e                  _OC2R = 0x27e
                    0x0280                  OC2TMR = 0x280
                    0x0280                  _OC2TMR = 0x280
                    0x0282                  OC3CON1 = 0x282
                    0x0282                  _OC3CON1 = 0x282
                    0x0282                  _OC3CON1bits = 0x282
                    0x0284                  OC3CON2 = 0x284
                    0x0284                  _OC3CON2 = 0x284
                    0x0284                  _OC3CON2bits = 0x284
                    0x0286                  OC3RS = 0x286
                    0x0286                  _OC3RS = 0x286
                    0x0288                  OC3R = 0x288
                    0x0288                  _OC3R = 0x288
                    0x028a                  OC3TMR = 0x28a
                    0x028a                  _OC3TMR = 0x28a
                    0x028c                  OC4CON1 = 0x28c
                    0x028c                  _OC4CON1 = 0x28c
                    0x028c                  _OC4CON1bits = 0x28c
                    0x028e                  OC4CON2 = 0x28e
                    0x028e                  _OC4CON2 = 0x28e
                    0x028e                  _OC4CON2bits = 0x28e
                    0x0290                  OC4RS = 0x290
                    0x0290                  _OC4RS = 0x290
                    0x0292                  OC4R = 0x292
                    0x0292                  _OC4R = 0x292
                    0x0294                  OC4TMR = 0x294
                    0x0294                  _OC4TMR = 0x294
                    0x0296                  OC5CON1 = 0x296
                    0x0296                  _OC5CON1 = 0x296
                    0x0296                  _OC5CON1bits = 0x296
                    0x0298                  OC5CON2 = 0x298
                    0x0298                  _OC5CON2 = 0x298
                    0x0298                  _OC5CON2bits = 0x298
                    0x029a                  OC5RS = 0x29a
                    0x029a                  _OC5RS = 0x29a
                    0x029c                  OC5R = 0x29c
                    0x029c                  _OC5R = 0x29c
                    0x029e                  OC5TMR = 0x29e
                    0x029e                  _OC5TMR = 0x29e
                    0x02a0                  OC6CON1 = 0x2a0
                    0x02a0                  _OC6CON1 = 0x2a0
                    0x02a0                  _OC6CON1bits = 0x2a0
                    0x02a2                  OC6CON2 = 0x2a2
                    0x02a2                  _OC6CON2 = 0x2a2
                    0x02a2                  _OC6CON2bits = 0x2a2
                    0x02a4                  OC6RS = 0x2a4
                    0x02a4                  _OC6RS = 0x2a4
                    0x02a6                  OC6R = 0x2a6
                    0x02a6                  _OC6R = 0x2a6
                    0x02a8                  OC6TMR = 0x2a8
                    0x02a8                  _OC6TMR = 0x2a8
                    0x02aa                  IC1CON1 = 0x2aa
                    0x02aa                  _IC1CON1 = 0x2aa
                    0x02aa                  _IC1CON1bits = 0x2aa
                    0x02ac                  IC1CON2 = 0x2ac
                    0x02ac                  _IC1CON2 = 0x2ac
                    0x02ac                  _IC1CON2bits = 0x2ac
                    0x02ae                  IC1BUF = 0x2ae
                    0x02ae                  _IC1BUF = 0x2ae
                    0x02b0                  IC1TMR = 0x2b0
                    0x02b0                  _IC1TMR = 0x2b0
                    0x02b2                  IC2CON1 = 0x2b2
                    0x02b2                  _IC2CON1 = 0x2b2
                    0x02b2                  _IC2CON1bits = 0x2b2
                    0x02b4                  IC2CON2 = 0x2b4
                    0x02b4                  _IC2CON2 = 0x2b4
                    0x02b4                  _IC2CON2bits = 0x2b4
                    0x02b6                  IC2BUF = 0x2b6
                    0x02b6                  _IC2BUF = 0x2b6
                    0x02b8                  IC2TMR = 0x2b8
                    0x02b8                  _IC2TMR = 0x2b8
                    0x02ba                  IC3CON1 = 0x2ba
                    0x02ba                  _IC3CON1 = 0x2ba
                    0x02ba                  _IC3CON1bits = 0x2ba
                    0x02bc                  IC3CON2 = 0x2bc
                    0x02bc                  _IC3CON2 = 0x2bc
                    0x02bc                  _IC3CON2bits = 0x2bc
                    0x02be                  IC3BUF = 0x2be
                    0x02be                  _IC3BUF = 0x2be
                    0x02c0                  IC3TMR = 0x2c0
                    0x02c0                  _IC3TMR = 0x2c0
                    0x02c2                  IC4CON1 = 0x2c2
                    0x02c2                  _IC4CON1 = 0x2c2
                    0x02c2                  _IC4CON1bits = 0x2c2
                    0x02c4                  IC4CON2 = 0x2c4
                    0x02c4                  _IC4CON2 = 0x2c4
                    0x02c4                  _IC4CON2bits = 0x2c4
                    0x02c6                  IC4BUF = 0x2c6
                    0x02c6                  _IC4BUF = 0x2c6
                    0x02c8                  IC4TMR = 0x2c8
                    0x02c8                  _IC4TMR = 0x2c8
                    0x02ca                  IC5CON1 = 0x2ca
                    0x02ca                  _IC5CON1 = 0x2ca
                    0x02ca                  _IC5CON1bits = 0x2ca
                    0x02cc                  IC5CON2 = 0x2cc
                    0x02cc                  _IC5CON2 = 0x2cc
                    0x02cc                  _IC5CON2bits = 0x2cc
                    0x02ce                  IC5BUF = 0x2ce
                    0x02ce                  _IC5BUF = 0x2ce
                    0x02d0                  IC5TMR = 0x2d0
                    0x02d0                  _IC5TMR = 0x2d0
                    0x02d2                  IC6CON1 = 0x2d2
                    0x02d2                  _IC6CON1 = 0x2d2
                    0x02d2                  _IC6CON1bits = 0x2d2
                    0x02d4                  IC6CON2 = 0x2d4
                    0x02d4                  _IC6CON2 = 0x2d4
                    0x02d4                  _IC6CON2bits = 0x2d4
                    0x02d6                  IC6BUF = 0x2d6
                    0x02d6                  _IC6BUF = 0x2d6
                    0x02d8                  IC6TMR = 0x2d8
                    0x02d8                  _IC6TMR = 0x2d8
                    0x02da                  I2C1RCV = 0x2da
                    0x02da                  _I2C1RCV = 0x2da
                    0x02da                  _I2C1RCVbits = 0x2da
                    0x02dc                  I2C1TRN = 0x2dc
                    0x02dc                  _I2C1TRN = 0x2dc
                    0x02dc                  _I2C1TRNbits = 0x2dc
                    0x02de                  I2C1BRG = 0x2de
                    0x02de                  _I2C1BRG = 0x2de
                    0x02e0                  I2C1CON1 = 0x2e0
                    0x02e0                  _I2C1CON1 = 0x2e0
                    0x02e0                  _I2C1CON1bits = 0x2e0
                    0x02e0                  I2C1CONL = 0x2e0
                    0x02e0                  _I2C1CONL = 0x2e0
                    0x02e0                  _I2C1CONLbits = 0x2e0
                    0x02e2                  I2C1CON2 = 0x2e2
                    0x02e2                  _I2C1CON2 = 0x2e2
                    0x02e2                  _I2C1CON2bits = 0x2e2
                    0x02e2                  I2C1CONH = 0x2e2
                    0x02e2                  _I2C1CONH = 0x2e2
                    0x02e2                  _I2C1CONHbits = 0x2e2
                    0x02e4                  I2C1STAT = 0x2e4
                    0x02e4                  _I2C1STAT = 0x2e4
                    0x02e4                  _I2C1STATbits = 0x2e4
                    0x02e6                  I2C1ADD = 0x2e6
                    0x02e6                  _I2C1ADD = 0x2e6
                    0x02e6                  _I2C1ADDbits = 0x2e6
                    0x02e8                  I2C1MSK = 0x2e8
                    0x02e8                  _I2C1MSK = 0x2e8
                    0x02e8                  _I2C1MSKbits = 0x2e8
                    0x02ea                  I2C2RCV = 0x2ea
                    0x02ea                  _I2C2RCV = 0x2ea
                    0x02ea                  _I2C2RCVbits = 0x2ea
                    0x02ec                  I2C2TRN = 0x2ec
                    0x02ec                  _I2C2TRN = 0x2ec
                    0x02ec                  _I2C2TRNbits = 0x2ec
                    0x02ee                  I2C2BRG = 0x2ee
                    0x02ee                  _I2C2BRG = 0x2ee
                    0x02f0                  I2C2CON1 = 0x2f0